mode: set
order-service/internal/repository/db.go:9.70,11.2 1 0
order-service/internal/repository/order.go:25.93,27.16 2 0
order-service/internal/repository/order.go:27.16,29.3 1 0
order-service/internal/repository/order.go:30.2,30.15 1 0
order-service/internal/repository/order.go:30.15,30.39 1 0
order-service/internal/repository/order.go:32.2,36.16 3 0
order-service/internal/repository/order.go:36.16,38.3 1 0
order-service/internal/repository/order.go:40.2,40.29 1 0
order-service/internal/repository/order.go:40.29,44.17 3 0
order-service/internal/repository/order.go:44.17,46.4 1 0
order-service/internal/repository/order.go:48.3,51.17 2 0
order-service/internal/repository/order.go:51.17,53.4 1 0
order-service/internal/repository/order.go:54.3,54.30 1 0
order-service/internal/repository/order.go:54.30,56.4 1 0
order-service/internal/repository/order.go:58.3,62.17 2 0
order-service/internal/repository/order.go:62.17,64.4 1 0
order-service/internal/repository/order.go:67.2,68.16 2 0
order-service/internal/repository/order.go:68.16,70.3 1 0
order-service/internal/repository/order.go:71.2,71.21 1 0
order-service/internal/repository/order.go:74.86,79.16 3 0
order-service/internal/repository/order.go:79.16,81.3 1 0
order-service/internal/repository/order.go:83.2,85.16 2 0
order-service/internal/repository/order.go:85.16,87.3 1 0
order-service/internal/repository/order.go:88.2,90.18 2 0
order-service/internal/repository/order.go:90.18,93.17 3 0
order-service/internal/repository/order.go:93.17,95.4 1 0
order-service/internal/repository/order.go:96.3,96.34 1 0
order-service/internal/repository/order.go:98.2,98.16 1 0
order-service/internal/repository/order.go:101.95,105.16 2 0
order-service/internal/repository/order.go:105.16,107.3 1 0
order-service/internal/repository/order.go:108.2,111.18 3 0
order-service/internal/repository/order.go:111.18,114.17 3 0
order-service/internal/repository/order.go:114.17,116.4 1 0
order-service/internal/repository/order.go:117.3,117.29 1 0
order-service/internal/repository/order.go:119.2,119.20 1 0
order-service/internal/repository/order.go:122.75,127.16 3 0
order-service/internal/repository/order.go:127.16,129.3 1 0
order-service/internal/repository/order.go:130.2,130.25 1 0
order-service/internal/repository/order_repo.go:9.50,11.2 1 0
order-service/internal/repository/product.go:15.82,18.16 2 0
order-service/internal/repository/product.go:18.16,20.3 1 0
order-service/internal/repository/product.go:21.2,24.18 3 0
order-service/internal/repository/product.go:24.18,27.17 3 0
order-service/internal/repository/product.go:27.17,29.4 1 0
order-service/internal/repository/product.go:30.3,30.33 1 0
order-service/internal/repository/product.go:32.2,32.22 1 0
order-service/internal/repository/product.go:35.92,40.16 3 0
order-service/internal/repository/product.go:40.16,42.3 1 0
order-service/internal/repository/product.go:43.2,43.16 1 0
order-service/internal/repository/product_repo.go:9.54,11.2 1 0
order-service/internal/app/app.go:30.65,33.16 3 0
order-service/internal/app/app.go:33.16,35.3 1 0
order-service/internal/app/app.go:36.2,37.45 2 0
order-service/internal/app/app.go:37.45,39.3 1 0
order-service/internal/app/app.go:40.2,53.8 8 0
order-service/internal/app/app.go:56.51,66.2 9 0
order-service/internal/app/app.go:68.27,74.12 4 0
order-service/internal/app/app.go:74.12,75.82 1 0
order-service/internal/app/app.go:75.82,77.4 1 0
order-service/internal/app/app.go:80.2,86.47 5 0
order-service/internal/app/app.go:86.47,88.3 1 0
order-service/internal/app/app.go:89.2,91.40 2 0
order-service/internal/app/app.go:91.40,93.3 1 0
order-service/internal/app/app.go:94.2,99.12 4 0
order-service/internal/config/config.go:11.21,17.2 1 0
order-service/internal/config/config.go:19.42,20.38 1 0
order-service/internal/config/config.go:20.38,22.3 1 0
order-service/internal/config/config.go:23.2,23.17 1 0
order-service/internal/logger/logger.go:5.33,7.2 1 0
order-service/internal/handler/dto.go:28.53,30.31 2 0
order-service/internal/handler/dto.go:30.31,36.3 1 0
order-service/internal/handler/dto.go:37.2,42.3 1 0
order-service/internal/handler/dto.go:45.59,52.2 1 0
order-service/internal/handler/handler.go:35.69,37.2 1 0
order-service/internal/handler/handler.go:44.71,46.16 2 0
order-service/internal/handler/handler.go:46.16,49.3 2 0
order-service/internal/handler/handler.go:50.2,51.29 2 0
order-service/internal/handler/handler.go:51.29,53.3 1 0
order-service/internal/handler/handler.go:54.2,55.61 2 0
order-service/internal/handler/handler.go:55.61,57.3 1 0
order-service/internal/handler/handler.go:60.74,64.16 4 0
order-service/internal/handler/handler.go:64.16,67.3 2 0
order-service/internal/handler/handler.go:68.2,69.16 2 0
order-service/internal/handler/handler.go:69.16,70.36 1 0
order-service/internal/handler/handler.go:70.36,73.4 2 0
order-service/internal/handler/handler.go:74.3,75.9 2 0
order-service/internal/handler/handler.go:77.2,78.78 2 0
order-service/internal/handler/handler.go:78.78,80.3 1 0
order-service/internal/handler/handler.go:83.71,85.62 2 0
order-service/internal/handler/handler.go:85.62,88.3 2 0
order-service/internal/handler/handler.go:90.2,91.27 2 0
order-service/internal/handler/handler.go:91.27,96.3 1 0
order-service/internal/handler/handler.go:98.2,99.16 2 0
order-service/internal/handler/handler.go:99.16,100.50 1 0
order-service/internal/handler/handler.go:100.50,103.4 2 0
order-service/internal/handler/handler.go:104.3,105.9 2 0
order-service/internal/handler/handler.go:107.2,109.81 3 0
order-service/internal/handler/handler.go:109.81,111.3 1 0
order-service/internal/handler/handler.go:114.69,119.16 4 0
order-service/internal/handler/handler.go:119.16,122.3 2 0
order-service/internal/handler/handler.go:123.2,124.27 2 0
order-service/internal/handler/handler.go:124.27,126.3 1 0
order-service/internal/handler/handler.go:127.2,128.61 2 0
order-service/internal/handler/handler.go:128.61,130.3 1 0
order-service/internal/handler/handler.go:133.72,135.16 2 0
order-service/internal/handler/handler.go:135.16,138.3 2 0
order-service/internal/handler/handler.go:139.2,140.16 2 0
order-service/internal/handler/handler.go:140.16,141.36 1 0
order-service/internal/handler/handler.go:141.36,144.4 2 0
order-service/internal/handler/handler.go:145.3,146.9 2 0
order-service/internal/handler/handler.go:148.2,149.74 2 0
order-service/internal/handler/handler.go:149.74,151.3 1 0
order-service/internal/handler/handler.go:154.71,156.16 2 0
order-service/internal/handler/handler.go:156.16,159.3 2 0
order-service/internal/handler/handler.go:160.2,161.16 2 0
order-service/internal/handler/handler.go:161.16,162.36 1 0
order-service/internal/handler/handler.go:162.36,165.4 2 0
order-service/internal/handler/handler.go:166.3,167.9 2 0
order-service/internal/handler/handler.go:169.2,170.95 2 0
order-service/internal/handler/handler.go:170.95,172.3 1 0
order-service/internal/handler/handler.go:175.82,177.16 2 0
order-service/internal/handler/handler.go:177.16,180.3 2 0
order-service/internal/handler/handler.go:181.2,182.16 2 0
order-service/internal/handler/handler.go:182.16,185.3 2 0
order-service/internal/handler/handler.go:186.2,187.64 2 0
order-service/internal/handler/handler.go:187.64,189.3 1 0
order-service/cmd/main.go:12.13,16.16 3 0
order-service/cmd/main.go:16.16,18.3 1 0
order-service/cmd/main.go:19.2,19.15 1 0
order-service/cmd/main.go:19.15,21.3 1 0
order-service/cmd/main.go:23.2,24.16 2 0
order-service/cmd/main.go:24.16,26.3 1 0
order-service/cmd/main.go:27.2,27.34 1 0
order-service/cmd/main.go:27.34,29.3 1 0
order-service/cmd/main.go:30.2,30.42 1 0
order-service/internal/cache/redis.go:11.36,13.2 1 0
order-service/internal/cache/redis.go:19.54,21.2 1 0
order-service/internal/cache/redis.go:23.35,28.2 2 0
order-service/internal/cache/redis.go:30.83,32.22 2 0
order-service/internal/cache/redis.go:32.22,34.3 1 0
order-service/internal/cache/redis.go:35.2,35.16 1 0
order-service/internal/cache/redis.go:35.16,37.3 1 0
order-service/internal/cache/redis.go:38.2,38.42 1 0
order-service/internal/cache/redis.go:40.103,42.16 2 0
order-service/internal/cache/redis.go:42.16,44.3 1 0
order-service/internal/cache/redis.go:45.2,45.48 1 0
order-service/internal/cache/redis.go:48.68,50.2 1 0
order-service/internal/service/order_service.go:18.58,20.2 1 1
order-service/internal/service/order_service.go:22.95,23.21 1 1
order-service/internal/service/order_service.go:23.21,25.3 1 1
order-service/internal/service/order_service.go:27.2,30.29 3 1
order-service/internal/service/order_service.go:30.29,31.25 1 1
order-service/internal/service/order_service.go:31.25,33.4 1 1
order-service/internal/service/order_service.go:34.3,34.27 1 1
order-service/internal/service/order_service.go:34.27,36.4 1 0
order-service/internal/service/order_service.go:37.3,42.5 2 1
order-service/internal/service/order_service.go:45.2,45.44 1 1
order-service/internal/service/order_service.go:48.98,49.31 1 1
order-service/internal/service/order_service.go:49.31,51.3 1 0
order-service/internal/service/order_service.go:52.2,52.16 1 1
order-service/internal/service/order_service.go:52.16,54.3 1 0
order-service/internal/service/order_service.go:55.2,55.45 1 1
order-service/internal/service/order_service.go:58.89,60.2 1 1
order-service/internal/service/order_service.go:62.78,64.16 2 1
order-service/internal/service/order_service.go:64.16,66.3 1 0
order-service/internal/service/order_service.go:67.2,67.33 1 1
order-service/internal/service/order_service.go:67.33,69.3 1 1
order-service/internal/service/order_service.go:70.2,70.36 1 1
order-service/internal/service/product_service.go:19.97,21.2 1 1
order-service/internal/service/product_service.go:23.85,25.2 1 1
order-service/internal/service/product_service.go:27.95,32.16 4 1
order-service/internal/service/product_service.go:32.16,35.3 2 1
order-service/internal/service/product_service.go:36.2,36.22 1 1
order-service/internal/service/product_service.go:36.22,38.3 1 0
order-service/internal/service/product_service.go:39.2,41.16 3 1
order-service/internal/service/product_service.go:41.16,43.3 1 0
order-service/internal/service/product_service.go:44.2,44.64 1 1
order-service/internal/service/product_service.go:44.64,46.3 1 0
order-service/internal/service/product_service.go:47.2,47.15 1 1
order-service/internal/service/product_service.go:50.77,53.2 2 1
